../Core/Src/main.c:66:6:map	24	static
../Core/Src/main.c:75:6:delay_us	16	static
../Core/Src/main.c:80:6:HAL_TIM_IC_CaptureCallback	16	static
../Core/Src/main.c:105:10:getDistance	8	static
../Core/Src/main.c:120:5:main	24	static
../Core/Src/main.c:183:6:SystemClock_Config	88	static
../Core/Src/main.c:230:13:MX_TIM1_Init	96	static
../Core/Src/main.c:305:13:MX_TIM3_Init	48	static
../Core/Src/main.c:363:13:MX_TIM11_Init	8	static
../Core/Src/main.c:394:13:MX_USART2_UART_Init	8	static
../Core/Src/main.c:427:13:MX_GPIO_Init	32	static
../Core/Src/main.c:458:6:Error_Handler	4	static,ignoring_inline_asm
